Traceback (most recent call last):
  File "/home/codespace/.local/lib/python3.12/site-packages/jupyter_core/utils/__init__.py", line 154, in wrapped
    asyncio.get_running_loop()
RuntimeError: no running event loop

During handling of the above exception, another exception occurred:

Traceback (most recent call last):
  File "/usr/local/python/3.12.1/lib/python3.12/site-packages/jupyter_cache/executors/utils.py", line 58, in single_nb_execution
    executenb(
  File "/home/codespace/.local/lib/python3.12/site-packages/nbclient/client.py", line 1319, in execute
    return NotebookClient(nb=nb, resources=resources, km=km, **kwargs).execute()
           ^^^^^^^^^^^^^^^^^^^^^^^^^^^^^^^^^^^^^^^^^^^^^^^^^^^^^^^^^^^^^^^^^^^^^
  File "/home/codespace/.local/lib/python3.12/site-packages/jupyter_core/utils/__init__.py", line 158, in wrapped
    return loop.run_until_complete(inner)
           ^^^^^^^^^^^^^^^^^^^^^^^^^^^^^^
  File "/usr/local/python/3.12.1/lib/python3.12/asyncio/base_events.py", line 684, in run_until_complete
    return future.result()
           ^^^^^^^^^^^^^^^
  File "/home/codespace/.local/lib/python3.12/site-packages/nbclient/client.py", line 709, in async_execute
    await self.async_execute_cell(
  File "/home/codespace/.local/lib/python3.12/site-packages/nbclient/client.py", line 1062, in async_execute_cell
    await self._check_raise_for_error(cell, cell_index, exec_reply)
  File "/home/codespace/.local/lib/python3.12/site-packages/nbclient/client.py", line 918, in _check_raise_for_error
    raise CellExecutionError.from_cell_and_msg(cell, exec_reply_content)
nbclient.exceptions.CellExecutionError: An error occurred while executing the following cell:
------------------
import psycopg2
import mysql.connector
import pandas as pd

# === PostgreSQL Connection ===
pg_conn = psycopg2.connect(
    host="localhost",
    database="postgres",
    user="postgres",
    password="123"
)
query_pg = 'SELECT id, "Class", "sepal.length", "sepal.width" FROM public."iriSepal";'
postgres_data = pd.read_sql(query_pg, pg_conn)
pg_conn.close()

# === MySQL Connection ===
mysql_conn = mysql.connector.connect(
    host="localhost",
    user="root",
    password="",
    database="iris_petal"
)
query_mysql = "SELECT id, Class, petal length, petal width FROM petal;"
mysql_data = pd.read_sql(query_mysql, mysql_conn)
mysql_conn.close()

# === Rename kolom di MySQL agar konsisten ===
mysql_data = mysql_data.rename(columns={
    'petal length': 'petal_length',
    'petal width': 'petal_width'
})

# === Gabungkan data berdasarkan kolom 'id' ===
combined_data = pd.merge(postgres_data, mysql_data, on="id")

# === Output ke Power BI ===
combined_data
------------------


[31m---------------------------------------------------------------------------[39m
[31mOperationalError[39m                          Traceback (most recent call last)
[36mCell[39m[36m [39m[32mIn[27][39m[32m, line 6[39m
[32m      3[39m [38;5;28;01mimport[39;00m[38;5;250m [39m[34;01mpandas[39;00m[38;5;250m [39m[38;5;28;01mas[39;00m[38;5;250m [39m[34;01mpd[39;00m
[32m      5[39m [38;5;66;03m# === PostgreSQL Connection ===[39;00m
[32m----> [39m[32m6[39m pg_conn = [43mpsycopg2[49m[43m.[49m[43mconnect[49m[43m([49m
[32m      7[39m [43m    [49m[43mhost[49m[43m=[49m[33;43m"[39;49m[33;43mlocalhost[39;49m[33;43m"[39;49m[43m,[49m
[32m      8[39m [43m    [49m[43mdatabase[49m[43m=[49m[33;43m"[39;49m[33;43mpostgres[39;49m[33;43m"[39;49m[43m,[49m
[32m      9[39m [43m    [49m[43muser[49m[43m=[49m[33;43m"[39;49m[33;43mpostgres[39;49m[33;43m"[39;49m[43m,[49m
[32m     10[39m [43m    [49m[43mpassword[49m[43m=[49m[33;43m"[39;49m[33;43m123[39;49m[33;43m"[39;49m
[32m     11[39m [43m)[49m
[32m     12[39m query_pg = [33m'[39m[33mSELECT id, [39m[33m"[39m[33mClass[39m[33m"[39m[33m, [39m[33m"[39m[33msepal.length[39m[33m"[39m[33m, [39m[33m"[39m[33msepal.width[39m[33m"[39m[33m FROM public.[39m[33m"[39m[33miriSepal[39m[33m"[39m[33m;[39m[33m'[39m
[32m     13[39m postgres_data = pd.read_sql(query_pg, pg_conn)

[36mFile [39m[32m/usr/local/python/3.12.1/lib/python3.12/site-packages/psycopg2/__init__.py:122[39m, in [36mconnect[39m[34m(dsn, connection_factory, cursor_factory, **kwargs)[39m
[32m    119[39m     kwasync[[33m'[39m[33masync_[39m[33m'[39m] = kwargs.pop([33m'[39m[33masync_[39m[33m'[39m)
[32m    121[39m dsn = _ext.make_dsn(dsn, **kwargs)
[32m--> [39m[32m122[39m conn = [43m_connect[49m[43m([49m[43mdsn[49m[43m,[49m[43m [49m[43mconnection_factory[49m[43m=[49m[43mconnection_factory[49m[43m,[49m[43m [49m[43m*[49m[43m*[49m[43mkwasync[49m[43m)[49m
[32m    123[39m [38;5;28;01mif[39;00m cursor_factory [38;5;129;01mis[39;00m [38;5;129;01mnot[39;00m [38;5;28;01mNone[39;00m:
[32m    124[39m     conn.cursor_factory = cursor_factory

[31mOperationalError[39m: connection to server at "localhost" (::1), port 5432 failed: Connection refused
	Is the server running on that host and accepting TCP/IP connections?
connection to server at "localhost" (127.0.0.1), port 5432 failed: Connection refused
	Is the server running on that host and accepting TCP/IP connections?


