Traceback (most recent call last):
  File "/home/codespace/.local/lib/python3.12/site-packages/jupyter_core/utils/__init__.py", line 154, in wrapped
    asyncio.get_running_loop()
RuntimeError: no running event loop

During handling of the above exception, another exception occurred:

Traceback (most recent call last):
  File "/usr/local/python/3.12.1/lib/python3.12/site-packages/jupyter_cache/executors/utils.py", line 58, in single_nb_execution
    executenb(
  File "/home/codespace/.local/lib/python3.12/site-packages/nbclient/client.py", line 1319, in execute
    return NotebookClient(nb=nb, resources=resources, km=km, **kwargs).execute()
           ^^^^^^^^^^^^^^^^^^^^^^^^^^^^^^^^^^^^^^^^^^^^^^^^^^^^^^^^^^^^^^^^^^^^^
  File "/home/codespace/.local/lib/python3.12/site-packages/jupyter_core/utils/__init__.py", line 158, in wrapped
    return loop.run_until_complete(inner)
           ^^^^^^^^^^^^^^^^^^^^^^^^^^^^^^
  File "/usr/local/python/3.12.1/lib/python3.12/asyncio/base_events.py", line 684, in run_until_complete
    return future.result()
           ^^^^^^^^^^^^^^^
  File "/home/codespace/.local/lib/python3.12/site-packages/nbclient/client.py", line 709, in async_execute
    await self.async_execute_cell(
  File "/home/codespace/.local/lib/python3.12/site-packages/nbclient/client.py", line 1062, in async_execute_cell
    await self._check_raise_for_error(cell, cell_index, exec_reply)
  File "/home/codespace/.local/lib/python3.12/site-packages/nbclient/client.py", line 918, in _check_raise_for_error
    raise CellExecutionError.from_cell_and_msg(cell, exec_reply_content)
nbclient.exceptions.CellExecutionError: An error occurred while executing the following cell:
------------------
# ========================================
# PLOTTING DATA SETELAH BALANCING (PCA)
# ========================================

import matplotlib.pyplot as plt
from sklearn.decomposition import PCA

print("\n>>> Visualisasi hasil balancing dengan PCA ...")

# Gunakan PCA yg sudah fit ke data asli
# (kalau belum ada, fit dulu di X_scaled)
pca = PCA(n_components=2, random_state=42)
pca.fit(X_scaled)  

# Transform hasil balancing ke ruang PCA yang sama
X_resampled_pca = pca.transform(X_resampled)

# Ambil nama kelas unik
class_names = sorted(pd.Series(y_resampled).unique())

# Warna otomatis untuk tiap kelas
color_map = plt.cm.get_cmap("tab10", len(class_names))

plt.figure(figsize=(10, 7))
for idx, class_name in enumerate(class_names):
    mask = (y_resampled == class_name)
    plt.scatter(
        X_resampled_pca[mask, 0],
        X_resampled_pca[mask, 1],
        c=[color_map(idx)],
        label=f"{class_name} (n={np.sum(mask)})",
        alpha=0.7,
        s=60,
        edgecolors="black",
        linewidth=0.5
    )

plt.title(f"Hasil PCA Setelah Balancing ({method_used})", fontsize=16, fontweight="bold")
plt.xlabel(f"PC1 ({pca.explained_variance_ratio_[0]:.1%} variance explained)", fontsize=12)
plt.ylabel(f"PC2 ({pca.explained_variance_ratio_[1]:.1%} variance explained)", fontsize=12)
plt.legend(loc="best", fontsize=9)
plt.grid(True, alpha=0.3)
plt.tight_layout()
plt.show()

------------------

----- stdout -----

>>> Visualisasi hasil balancing dengan PCA ...
------------------

[31m---------------------------------------------------------------------------[39m
[31mNameError[39m                                 Traceback (most recent call last)
[36mCell[39m[36m [39m[32mIn[11][39m[32m, line 16[39m
[32m     13[39m pca.fit(X_scaled)  
[32m     15[39m [38;5;66;03m# Transform hasil balancing ke ruang PCA yang sama[39;00m
[32m---> [39m[32m16[39m X_resampled_pca = pca.transform([43mX_resampled[49m)
[32m     18[39m [38;5;66;03m# Ambil nama kelas unik[39;00m
[32m     19[39m class_names = [38;5;28msorted[39m(pd.Series(y_resampled).unique())

[31mNameError[39m: name 'X_resampled' is not defined

